Microchip MPLAB XC8 Compiler V2.36

Linker command line:

-W-2 --edf=C:\Program Files\Microchip\xc8\v2.36\pic\dat\en_msgs.txt -cn \
  -h+dist/default/production\MaverickClock.X.production.sym \
  --cmf=dist/default/production\MaverickClock.X.production.cmf -z \
  -Q16F18326 -oC:\Users\henry\AppData\Local\Temp\xcAs6os.4 \
  --defsym=__MPLAB_BUILD=1 \
  -Mdist/default/production/MaverickClock.X.production.map \
  --md=C:\Users\henry\AppData\Local\Temp\xcAs6os.dat -E1 -ver=XC8 Compiler \
  --acfsm=1493 -ACODE=00h-07FFhx8 -ASTRCODE=00h-03FFFh -ASTRING=00h-0FFhx64 \
  -ACONST=00h-0FFhx64 -AENTRY=00h-0FFhx64 -ACOMMON=070h-07Fh \
  -ABANK0=021h-06Fh -ABANK1=0A0h-0EFh -ABANK2=0120h-016Fh \
  -ABANK3=01A0h-01EFh -ABANK4=0220h-026Fh -ABANK5=02A0h-02EFh \
  -ABANK6=0320h-036Fh -ABANK7=03A0h-03EFh -ABANK8=0420h-046Fh \
  -ABANK9=04A0h-04EFh -ABANK10=0520h-056Fh -ABANK11=05A0h-05EFh \
  -ABANK12=0620h-066Fh -ABANK13=06A0h-06EFh -ABANK14=0720h-076Fh \
  -ABANK15=07A0h-07EFh -ABANK16=0820h-086Fh -ABANK17=08A0h-08EFh \
  -ABANK18=0920h-096Fh -ABANK19=09A0h-09EFh -ABANK20=0A20h-0A6Fh \
  -ABANK21=0AA0h-0AEFh -ABANK22=0B20h-0B6Fh -ABANK23=0BA0h-0BEFh \
  -ABANK24=0C20h-0C6Fh -ABANK25=0CA0h-0CBFh -ABIGRAM=02001h-027EFh \
  -ARAM=021h-06Fh,0A0h-0EFh,0120h-016Fh,01A0h-01EFh,0220h-026Fh,02A0h-02EFh,0320h-036Fh,03A0h-03EFh,0420h-046Fh,04A0h-04EFh,0520h-056Fh,05A0h-05EFh,0620h-066Fh,06A0h-06EFh,0720h-076Fh,07A0h-07EFh,0820h-086Fh,08A0h-08EFh,0920h-096Fh,09A0h-09EFh,0A20h-0A6Fh,0AA0h-0AEFh,0B20h-0B6Fh,0BA0h-0BEFh,0C20h-0C6Fh,0CA0h-0CBFh \
  -AABS1=020h-07Fh,0A0h-0EFh,0120h-016Fh,01A0h-01EFh,0220h-026Fh,02A0h-02EFh,0320h-036Fh,03A0h-03EFh,0420h-046Fh,04A0h-04EFh,0520h-056Fh,05A0h-05EFh,0620h-066Fh,06A0h-06EFh,0720h-076Fh,07A0h-07EFh,0820h-086Fh,08A0h-08EFh,0920h-096Fh,09A0h-09EFh,0A20h-0A6Fh,0AA0h-0AEFh,0B20h-0B6Fh,0BA0h-0BEFh,0C20h-0C6Fh,0CA0h-0CBFh \
  -ASFR0=00h-020h -ASFR1=080h-09Fh -ASFR2=0100h-011Fh -ASFR3=0180h-019Fh \
  -ASFR4=0200h-021Fh -ASFR5=0280h-029Fh -ASFR6=0300h-031Fh \
  -ASFR7=0380h-039Fh -ASFR8=0400h-041Fh -ASFR9=0480h-049Fh \
  -ASFR10=0500h-051Fh -ASFR11=0580h-059Fh -ASFR12=0600h-061Fh \
  -ASFR13=0680h-069Fh -ASFR14=0700h-071Fh -ASFR15=0780h-079Fh \
  -ASFR16=0800h-081Fh -ASFR17=0880h-089Fh -ASFR18=0900h-091Fh \
  -ASFR19=0980h-099Fh -ASFR20=0A00h-0A1Fh -ASFR21=0A80h-0A9Fh \
  -ASFR22=0B00h-0B1Fh -ASFR23=0B80h-0B9Fh -ASFR24=0C00h-0C1Fh \
  -ASFR25=0C80h-0C9Fh -ASFR26=0D00h-0D6Fh -ASFR27=0D80h-0DEFh \
  -ASFR28=0E00h-0E6Fh -ASFR29=0E80h-0EEFh -ASFR30=0F00h-0F6Fh \
  -ASFR31=0F80h-0FEFh -ACONFIG=08007h-0800Ah -DCONFIG=2 \
  -AIDLOC=08000h-08003h -DIDLOC=2 -AEEDATA=00h-0FFh/0F000h \
  -peeprom_data=EEDATA -DEEDATA=2 -DCODE=2 -DSTRCODE=2 -DSTRING=2 -DCONST=2 \
  -DENTRY=2 -preset_vec=00h,intentry=04h,init,end_init -ppowerup=CODE \
  -pcinit=CODE -pfunctab=ENTRY -k dist/default/production\startup.o \
  dist/default/production\MaverickClock.X.production.o 

Object code version is 3.11

Machine type is 16F18326



                Name                               Link     Load   Length Selector   Space Scale
dist/default/production\startup.o
                end_init                             29       29        2        8       0
                init                                 26       26        3        8       0
                reset_vec                             0        0        2        0       0
                config                             8007     8007        4        0       4
                idloc                              8000     8000        4        0       5
dist/default/production\MaverickClock.X.production.o
                cinit                                2B       2B       50        8       0
                intentry                              4        4       22        8       0
                config                             8007     8007        4        0       4
                idloc                              8000     8000        4        0       5
                text84                             2342     2342        D     4684       0
                text83                             22A3     22A3        1     4546       0
                text82                             1D00     1D00       87     3A00       0
                text81                             1A00     1A00        1     3400       0
                text80                             234F     234F        D     469E       0
                text79                             24B6     24B6       1D     496C       0
                text78                              762      762       8C        8       0
                text77                             1A01     1A01        1     3402       0
                text76                             235C     235C        D     46B8       0
                text75                              7EE      7EE       12        8       0
                text74                             2312     2312        C     4624       0
                text73                             1000     1000        1     187C       0
                text72                             22FC     22FC        B     45F8       0
                text71                             2383     2383        F     4706       0
                text70                             2369     2369        D     46D2       0
                text69                             1A02     1A02       41     3404       0
                text68                                2        2        1        0       0
                text67                             2307     2307        B     460E       0
                text66                             2392     2392        F     4724       0
                text65                             2376     2376        D     46EC       0
                text63                             27B3     27B3       4D     4F66       0
                text62                             23F7     23F7       14     47EE       0
                text61                             240B     240B       14     4816       0
                text60                             2557     2557       29     4AAE       0
                text59                             2634     2634       33     4C68       0
                text58                             2580     2580       29     4B00       0
                text57                             1A91     1A91       50     3522       0
                text56                             247E     247E       1C     48FC       0
                text55                              803      803       81     1006       0
                text54                             25A9     25A9       2C     4B52       0
                text53                             2602     2602       32     4C04       0
                text52                             23A1     23A1        F     4742       0
                text51                             24D3     24D3       20     49A6       0
                text50                             22A4     22A4        3     4548       0
                text49                             1A43     1A43       4E     3486       0
                text48                             22C6     22C6        9     458C       0
                text47                             22CF     22CF        9     459E       0
                text46                             22D8     22D8        9     45B0       0
                text45                             24F3     24F3       20     49E6       0
                text44                             2434     2434       16     4868       0
                text43                             22E1     22E1        9     45C2       0
                text42                             22A7     22A7        3     454E       0
                text41                             22AA     22AA        3     4554       0
                text40                              800      800        3        8       0
                text39                             22EA     22EA        9     45D4       0
                text38                             22B6     22B6        8     456C       0
                text37                             1E46     1E46       CE     3C8C       0
                text36                             23B0     23B0       10     4760       0
                text35                             1B86     1B86       5B     370C       0
                text34                             1D87     1D87       BF     3B0E       0
                text33                             1031     1031       F0     2062       0
                text32                             1BE1     1BE1       5D     37C2       0
                text31                             1121     1121      121     2242       0
                text30                             2513     2513       22     4A26       0
                text29                             2535     2535       22     4A6A       0
                text28                             23D1     23D1       13     47A2       0
                text27                             23C0     23C0       11     4780       0
                text26                             1242     1242      124     2484       0
                text25                             1AE1     1AE1       52     35C2       0
                text24                             26DB     26DB       46     4DB6       0
                text23                             1B33     1B33       53     3666       0
                text22                             2667     2667       35     4CCE       0
                text21                             25D5     25D5       2D     4BAA       0
                text20                             1F14     1F14       EC     3E28       0
                text19                              884      884      3BA     1108       0
                text18                             1001     1001       30     2002       0
                text17                             2769     2769       4A     4ED2       0
                text16                              45D      45D      305        8       0
                text15                             2721     2721       48     4E42       0
                text14                              C3E      C3E      3C2     187C       0
                text13                               7B       7B      3E2        8       0
                text12                             1507     1507      2F9     2A0E       0
                text11                             1C3E     1C3E       5F     387C       0
                text10                             1366     1366      1A1     26CC       0
                text9                              1C9D     1C9D       63     393A       0
                text8                              22F3     22F3        9     45E6       0
                text7                              269C     269C       3F     4D38       0
                text6                              22BE     22BE        8     457C       0
                text5                              244A     244A       1A     4894       0
                text4                              23E4     23E4       13     47C8       0
                text3                              249A     249A       1C     4934       0
                text2                              22AD     22AD        4     455A       0
                text1                              241F     241F       15     483E       0
                maintext                           231E     231E        C     463C       0
                cstackBANK0                          21       21       3C       21       1
                cstackCOMMON                         70       70        B       70       1
                cstackBANK1                          A0       A0       1B       A0       1
                cstackBANK3                         1A0      1A0       23      1A0       1
                clrtext                            232A     232A        C     4654       0
                inittext                           2336     2336        C     466C       0
                dataBANK3                           1C3      1C3       1A      1A0       1
                bssBANK2                            120      120       2B      120       1
                dataBANK1                            CE       CE        5       A0       1
                bssBANK1                             BB       BB       13       A0       1
                dataBANK0                            66       66        1       21       1
                bssBANK0                             5D       5D        9       21       1
                bssCOMMON                            7B       7B        3       70       1
                nvBANK2                             14B      14B        C      120       1
                nvBANK1                              D3       D3        4       A0       1
                stringtext15                       28AA     28AA        4     5000       0
                stringtext14                       2844     2844       14     5000       0
                stringtext13                       2830     2830       14     5000       0
                stringtext12                       28B4     28B4        2     5000       0
                stringtext11                       28B2     28B2        2     5000       0
                stringtext10                       28B0     28B0        2     5000       0
                stringtext9                        28AE     28AE        2     5000       0
                stringtext8                        289E     289E        C     5000       0
                stringtext7                        2892     2892        C     5000       0
                stringtext6                        2885     2885        D     5000       0
                stringtext5                        2878     2878        D     5000       0
                stringtext4                        286A     286A        E     5000       0
                stringtext3                        2858     2858       12     5000       0
                stringtext2                        2800     2800       30     5000       0
                stringtext1                        1800     1800      200     3000       0
                idataBANK3                         2464     2464       1A     48C8       0
                idataBANK1                         22B1     22B1        5     4562       0
                idataBANK0                            3        3        1        6       0

TOTAL           Name                               Link     Load   Length     Space
        CLASS   CODE           
                end_init                             29       29        2         0
                cinit                                2B       2B       50         0
                init                                 26       26        3         0
                intentry                              4        4       22         0
                reset_vec                             0        0        2         0
                text84                             2342     2342        D         0
                text83                             22A3     22A3        1         0
                text82                             1D00     1D00       87         0
                text81                             1A00     1A00        1         0
                text80                             234F     234F        D         0
                text79                             24B6     24B6       1D         0
                text78                              762      762       8C         0
                text77                             1A01     1A01        1         0
                text76                             235C     235C        D         0
                text75                              7EE      7EE       12         0
                text74                             2312     2312        C         0
                text73                             1000     1000        1         0
                text72                             22FC     22FC        B         0
                text71                             2383     2383        F         0
                text70                             2369     2369        D         0
                text69                             1A02     1A02       41         0
                text68                                2        2        1         0
                text67                             2307     2307        B         0
                text66                             2392     2392        F         0
                text65                             2376     2376        D         0
                text63                             27B3     27B3       4D         0
                text62                             23F7     23F7       14         0
                text61                             240B     240B       14         0
                text60                             2557     2557       29         0
                text59                             2634     2634       33         0
                text58                             2580     2580       29         0
                text57                             1A91     1A91       50         0
                text56                             247E     247E       1C         0
                text55                              803      803       81         0
                text54                             25A9     25A9       2C         0
                text53                             2602     2602       32         0
                text52                             23A1     23A1        F         0
                text51                             24D3     24D3       20         0
                text50                             22A4     22A4        3         0
                text49                             1A43     1A43       4E         0
                text48                             22C6     22C6        9         0
                text47                             22CF     22CF        9         0
                text46                             22D8     22D8        9         0
                text45                             24F3     24F3       20         0
                text44                             2434     2434       16         0
                text43                             22E1     22E1        9         0
                text42                             22A7     22A7        3         0
                text41                             22AA     22AA        3         0
                text40                              800      800        3         0
                text39                             22EA     22EA        9         0
                text38                             22B6     22B6        8         0
                text37                             1E46     1E46       CE         0
                text36                             23B0     23B0       10         0
                text35                             1B86     1B86       5B         0
                text34                             1D87     1D87       BF         0
                text33                             1031     1031       F0         0
                text32                             1BE1     1BE1       5D         0
                text31                             1121     1121      121         0
                text30                             2513     2513       22         0
                text29                             2535     2535       22         0
                text28                             23D1     23D1       13         0
                text27                             23C0     23C0       11         0
                text26                             1242     1242      124         0
                text25                             1AE1     1AE1       52         0
                text24                             26DB     26DB       46         0
                text23                             1B33     1B33       53         0
                text22                             2667     2667       35         0
                text21                             25D5     25D5       2D         0
                text20                             1F14     1F14       EC         0
                text19                              884      884      3BA         0
                text18                             1001     1001       30         0
                text17                             2769     2769       4A         0
                text16                              45D      45D      305         0
                text15                             2721     2721       48         0
                text14                              C3E      C3E      3C2         0
                text13                               7B       7B      3E2         0
                text12                             1507     1507      2F9         0
                text11                             1C3E     1C3E       5F         0
                text10                             1366     1366      1A1         0
                text9                              1C9D     1C9D       63         0
                text8                              22F3     22F3        9         0
                text7                              269C     269C       3F         0
                text6                              22BE     22BE        8         0
                text5                              244A     244A       1A         0
                text4                              23E4     23E4       13         0
                text3                              249A     249A       1C         0
                text2                              22AD     22AD        4         0
                text1                              241F     241F       15         0
                maintext                           231E     231E        C         0
                clrtext                            232A     232A        C         0
                inittext                           2336     2336        C         0
                idataBANK3                         2464     2464       1A         0
                idataBANK1                         22B1     22B1        5         0
                idataBANK0                            3        3        1         0

        CLASS   STRCODE        
                stringtext15                       28AA     28AA        4         0
                stringtext14                       2844     2844       14         0
                stringtext13                       2830     2830       14         0
                stringtext12                       28B4     28B4        2         0
                stringtext11                       28B2     28B2        2         0
                stringtext10                       28B0     28B0        2         0
                stringtext9                        28AE     28AE        2         0
                stringtext8                        289E     289E        C         0
                stringtext7                        2892     2892        C         0
                stringtext6                        2885     2885        D         0
                stringtext5                        2878     2878        D         0
                stringtext4                        286A     286A        E         0
                stringtext3                        2858     2858       12         0
                stringtext2                        2800     2800       30         0
                stringtext1                        1800     1800      200         0

        CLASS   STRING         

        CLASS   CONST          

        CLASS   ENTRY          

        CLASS   COMMON         
                cstackCOMMON                         70       70        B         1
                bssCOMMON                            7B       7B        3         1

        CLASS   BANK0          
                cstackBANK0                          21       21       3C         1
                dataBANK0                            66       66        1         1
                bssBANK0                             5D       5D        9         1

        CLASS   BANK1          
                cstackBANK1                          A0       A0       1B         1
                dataBANK1                            CE       CE        5         1
                bssBANK1                             BB       BB       13         1
                nvBANK1                              D3       D3        4         1

        CLASS   BANK2          
                bssBANK2                            120      120       2B         1
                nvBANK2                             14B      14B        C         1

        CLASS   BANK3          
                cstackBANK3                         1A0      1A0       23         1
                dataBANK3                           1C3      1C3       1A         1

        CLASS   BANK4          

        CLASS   BANK5          

        CLASS   BANK6          

        CLASS   BANK7          

        CLASS   BANK8          

        CLASS   BANK9          

        CLASS   BANK10         

        CLASS   BANK11         

        CLASS   BANK12         

        CLASS   BANK13         

        CLASS   BANK14         

        CLASS   BANK15         

        CLASS   BANK16         

        CLASS   BANK17         

        CLASS   BANK18         

        CLASS   BANK19         

        CLASS   BANK20         

        CLASS   BANK21         

        CLASS   BANK22         

        CLASS   BANK23         

        CLASS   BANK24         

        CLASS   BANK25         

        CLASS   BIGRAM         

        CLASS   RAM            

        CLASS   ABS1           
                abs_s1                               7E       7E        2         1
                abs_s1                              648      648       28         1
                abs_s1                              6A0      6A0       50         1
                abs_s1                              720      720       50         1
                abs_s1                              7A0      7A0       50         1
                abs_s1                              820      820       50         1
                abs_s1                              8A0      8A0       50         1
                abs_s1                              920      920       50         1
                abs_s1                              9A0      9A0       50         1
                abs_s1                              A20      A20       50         1
                abs_s1                              AA0      AA0       50         1
                abs_s1                              B20      B20       50         1
                abs_s1                              BA0      BA0       50         1
                abs_s1                              C20      C20       50         1
                abs_s1                              CA0      CA0       20         1
                abs_s1                             23E8     23E8        0         1
                abs_s1                             258C     258C        0         1
                abs_s1                             2730     2730        0         1

        CLASS   SFR0           

        CLASS   SFR1           

        CLASS   SFR2           

        CLASS   SFR3           

        CLASS   SFR4           

        CLASS   SFR5           

        CLASS   SFR6           

        CLASS   SFR7           

        CLASS   SFR8           

        CLASS   SFR9           

        CLASS   SFR10          

        CLASS   SFR11          

        CLASS   SFR12          

        CLASS   SFR13          

        CLASS   SFR14          

        CLASS   SFR15          

        CLASS   SFR16          

        CLASS   SFR17          

        CLASS   SFR18          

        CLASS   SFR19          

        CLASS   SFR20          

        CLASS   SFR21          

        CLASS   SFR22          

        CLASS   SFR23          

        CLASS   SFR24          

        CLASS   SFR25          

        CLASS   SFR26          

        CLASS   SFR27          

        CLASS   SFR28          

        CLASS   SFR29          

        CLASS   SFR30          

        CLASS   SFR31          

        CLASS   CONFIG         
                config                             8007     8007        4         4

        CLASS   IDLOC          
                idloc                              8000     8000        4         5

        CLASS   EEDATA         

        CLASS   BANK31         

        CLASS   BANK30         

        CLASS   BANK29         

        CLASS   BANK28         

        CLASS   BANK27         

        CLASS   BANK26         

        CLASS   HEAP           

        CLASS   STACK          



SEGMENTS        Name                           Load    Length   Top    Selector   Space  Class     Delta

                reset_vec                      000000  000003  000003         0       0  CODE        2
                idataBANK0                     000003  000001  000004         6       0  CODE        2
                intentry                       000004  0007FF  000803         8       0  CODE        2
                cstackBANK0                    000021  000046  000067        21       1  BANK0       1
                cstackCOMMON                   000070  00000E  00007E        70       1  COMMON      1
                cstackBANK1                    0000A0  000037  0000D7        A0       1  BANK1       1
                bssBANK2                       000120  000037  000157       120       1  BANK2       1
                cstackBANK3                    0001A0  00003D  0001DD       1A0       1  BANK3       1
                text55                         000803  000081  000884      1006       0  CODE        2
                text19                         000884  0003BA  000C3E      1108       0  CODE        2
                text14                         000C3E  0003C3  001001      187C       0  CODE        2
                text18                         001001  000030  001031      2002       0  CODE        2
                text33                         001031  0000F0  001121      2062       0  CODE        2
                text31                         001121  000121  001242      2242       0  CODE        2
                text26                         001242  000124  001366      2484       0  CODE        2
                text10                         001366  0001A1  001507      26CC       0  CODE        2
                text12                         001507  0002F9  001800      2A0E       0  CODE        2
                stringtext1                    001800  000200  001A00      3000       0  STRCODE     2
                text81                         001A00  000001  001A01      3400       0  CODE        2
                text77                         001A01  000001  001A02      3402       0  CODE        2
                text69                         001A02  000041  001A43      3404       0  CODE        2
                text49                         001A43  00004E  001A91      3486       0  CODE        2
                text57                         001A91  000050  001AE1      3522       0  CODE        2
                text25                         001AE1  000052  001B33      35C2       0  CODE        2
                text23                         001B33  000053  001B86      3666       0  CODE        2
                text35                         001B86  00005B  001BE1      370C       0  CODE        2
                text32                         001BE1  00005D  001C3E      37C2       0  CODE        2
                text11                         001C3E  00005F  001C9D      387C       0  CODE        2
                text9                          001C9D  000063  001D00      393A       0  CODE        2
                text82                         001D00  000087  001D87      3A00       0  CODE        2
                text34                         001D87  0000BF  001E46      3B0E       0  CODE        2
                text37                         001E46  0000CE  001F14      3C8C       0  CODE        2
                text20                         001F14  0000EC  002000      3E28       0  CODE        2
                text83                         0022A3  000001  0022A4      4546       0  CODE        2
                text50                         0022A4  000003  0022A7      4548       0  CODE        2
                text42                         0022A7  000003  0022AA      454E       0  CODE        2
                text41                         0022AA  000003  0022AD      4554       0  CODE        2
                text2                          0022AD  000004  0022B1      455A       0  CODE        2
                idataBANK1                     0022B1  000005  0022B6      4562       0  CODE        2
                text38                         0022B6  000008  0022BE      456C       0  CODE        2
                text6                          0022BE  000008  0022C6      457C       0  CODE        2
                text48                         0022C6  000009  0022CF      458C       0  CODE        2
                text47                         0022CF  000009  0022D8      459E       0  CODE        2
                text46                         0022D8  000009  0022E1      45B0       0  CODE        2
                text43                         0022E1  000009  0022EA      45C2       0  CODE        2
                text39                         0022EA  000009  0022F3      45D4       0  CODE        2
                text8                          0022F3  000009  0022FC      45E6       0  CODE        2
                text72                         0022FC  00000B  002307      45F8       0  CODE        2
                text67                         002307  00000B  002312      460E       0  CODE        2
                text74                         002312  00000C  00231E      4624       0  CODE        2
                maintext                       00231E  00000C  00232A      463C       0  CODE        2
                clrtext                        00232A  00000C  002336      4654       0  CODE        2
                inittext                       002336  00000C  002342      466C       0  CODE        2
                text84                         002342  00000D  00234F      4684       0  CODE        2
                text80                         00234F  00000D  00235C      469E       0  CODE        2
                text76                         00235C  00000D  002369      46B8       0  CODE        2
                text70                         002369  00000D  002376      46D2       0  CODE        2
                text65                         002376  00000D  002383      46EC       0  CODE        2
                text71                         002383  00000F  002392      4706       0  CODE        2
                text66                         002392  00000F  0023A1      4724       0  CODE        2
                text52                         0023A1  00000F  0023B0      4742       0  CODE        2
                text36                         0023B0  000010  0023C0      4760       0  CODE        2
                text27                         0023C0  000011  0023D1      4780       0  CODE        2
                text28                         0023D1  000013  0023E4      47A2       0  CODE        2
                text4                          0023E4  000013  0023F7      47C8       0  CODE        2
                text62                         0023F7  000014  00240B      47EE       0  CODE        2
                text61                         00240B  000014  00241F      4816       0  CODE        2
                text1                          00241F  000015  002434      483E       0  CODE        2
                text44                         002434  000016  00244A      4868       0  CODE        2
                text5                          00244A  00001A  002464      4894       0  CODE        2
                idataBANK3                     002464  00001A  00247E      48C8       0  CODE        2
                text56                         00247E  00001C  00249A      48FC       0  CODE        2
                text3                          00249A  00001C  0024B6      4934       0  CODE        2
                text79                         0024B6  00001D  0024D3      496C       0  CODE        2
                text51                         0024D3  000020  0024F3      49A6       0  CODE        2
                text45                         0024F3  000020  002513      49E6       0  CODE        2
                text30                         002513  000022  002535      4A26       0  CODE        2
                text29                         002535  000022  002557      4A6A       0  CODE        2
                text60                         002557  000029  002580      4AAE       0  CODE        2
                text58                         002580  000029  0025A9      4B00       0  CODE        2
                text54                         0025A9  00002C  0025D5      4B52       0  CODE        2
                text21                         0025D5  00002D  002602      4BAA       0  CODE        2
                text53                         002602  000032  002634      4C04       0  CODE        2
                text59                         002634  000033  002667      4C68       0  CODE        2
                text22                         002667  000035  00269C      4CCE       0  CODE        2
                text7                          00269C  00003F  0026DB      4D38       0  CODE        2
                text24                         0026DB  000046  002721      4DB6       0  CODE        2
                text15                         002721  000048  002769      4E42       0  CODE        2
                text17                         002769  00004A  0027B3      4ED2       0  CODE        2
                text63                         0027B3  00004D  002800      4F66       0  CODE        2
                stringtext2                    002800  0000B6  0028B6      5000       0  STRCODE     2


UNUSED ADDRESS RANGES

        Name                Unused          Largest block    Delta
        BANK0            00067-0006F               9           1
        BANK1            000D7-000EF              19           1
        BANK10           00520-0056F              50           1
        BANK11           005A0-005EF              50           1
        BANK12           00620-00647              28           1
        BANK2            00157-0016F              19           1
        BANK3            001DD-001EF              13           1
        BANK4            00220-0026F              50           1
        BANK5            002A0-002EF              50           1
        BANK6            00320-0036F              50           1
        BANK7            003A0-003EF              50           1
        BANK8            00420-0046F              50           1
        BANK9            004A0-004EF              50           1
        BIGRAM           02001-027EF             7EF           1
        CODE             02000-022A2             2A3           2
                         028B6-03FFF             800
        CONST            02000-022A2             100           2
                         028B6-03FFF             100
        EEDATA           0F000-0F0FF             100           2
        ENTRY            02000-022A2             100           2
                         028B6-03FFF             100
        RAM              00067-0006F               9           1
                         000D7-000EF              19
                         00157-0016F              19
                         001DD-001EF              13
                         00220-0026F              50
                         002A0-002EF              50
                         00320-0036F              50
                         003A0-003EF              50
                         00420-0046F              50
                         004A0-004EF              50
                         00520-0056F              50
                         005A0-005EF              50
                         00620-00647              28
        SFR0             00000-00020              21           1
        SFR1             00080-0009F              20           1
        SFR10            00500-0051F              20           1
        SFR11            00580-0059F              20           1
        SFR12            00600-0061F              20           1
        SFR13            00680-0069F              20           1
        SFR14            00700-0071F              20           1
        SFR15            00780-0079F              20           1
        SFR16            00800-0081F              20           1
        SFR17            00880-0089F              20           1
        SFR18            00900-0091F              20           1
        SFR19            00980-0099F              20           1
        SFR2             00100-0011F              20           1
        SFR20            00A00-00A1F              20           1
        SFR21            00A80-00A9F              20           1
        SFR22            00B00-00B1F              20           1
        SFR23            00B80-00B9F              20           1
        SFR24            00C00-00C1F              20           1
        SFR25            00C80-00C9F              20           1
        SFR26            00D00-00D6F              70           1
        SFR27            00D80-00DEF              70           1
        SFR28            00E00-00E6F              70           1
        SFR29            00E80-00EEF              70           1
        SFR3             00180-0019F              20           1
        SFR30            00F00-00F6F              70           1
        SFR31            00F80-00FEF              70           1
        SFR4             00200-0021F              20           1
        SFR5             00280-0029F              20           1
        SFR6             00300-0031F              20           1
        SFR7             00380-0039F              20           1
        SFR8             00400-0041F              20           1
        SFR9             00480-0049F              20           1
        STRCODE          02000-022A2             2A3           2
                         028B6-03FFF            174A
        STRING           02000-022A2             100           2
                         028B6-03FFF             100

                                  Symbol Table

?_CRC16_Calculate16bitCRC                                          cstackBANK0  00029
?_RotaryEncoder_GetShaftCounts                                     cstackBANK0  00029
?_TMR3_ReadTimer                                                   cstackBANK0  00029
?_Time_GetCurrentTimeInSeconds                                     cstackBANK0  00029
?_WS2812b_Initialize                                               cstackBANK0  00029
?___awdiv                                                          cstackBANK0  00042
?___awmod                                                          cstackBANK0  0003B
?___lldiv                                                          cstackBANK0  00029
?___lmul                                                           cstackBANK0  00029
?___lwdiv                                                          cstackBANK0  00029
?___lwmod                                                          cstackBANK0  0003B
?___wmul                                                           cstackBANK0  00029
?_rand                                                             cstackBANK0  00035
?i1_TMR3_ReadTimer                                                 cstackCOMMON 00070
APP_Initialize@eepromReadbackData                                  cstackBANK1  000A8
APP_Initialize@maxRetries                                          cstackBANK1  000A6
APP_TASKS@wasSwitchPressedInTimeMode                               bssBANK1     000C7
CRC16_Calculate16bitCRC@crc                                        cstackBANK0  0003D
CRC16_Calculate16bitCRC@data                                       cstackBANK0  00029
CRC16_Calculate16bitCRC@i                                          cstackBANK0  0003B
CRC16_Calculate16bitCRC@seed                                       cstackBANK0  0002D
CRC16_Calculate16bitCRC@size                                       cstackBANK0  0002B
Clock_CrossingRainbowPattern@rainbowRowIdx                         bssBANK0     0005F
Clock_CrossingRainbowPattern@thisIndex                             bssCOMMON    0007B
Clock_CrossingRainbowPatternwithDelays@rainbowRowIdx               bssBANK0     0005D
Clock_CrossingRainbowPatternwithDelays@thisIndex                   bssBANK1     000C3
Clock_FixDigit4LastThreePixels@digit4Value                         cstackBANK0  00052
Clock_ForceRender@t                                                cstackBANK0  00053
Clock_InitializeClockLEDs@backgroundBlue                           cstackBANK0  0003B
Clock_InitializeClockLEDs@backgroundGreen                          cstackBANK0  0003A
Clock_InitializeClockLEDs@backgroundRed                            cstackBANK0  00039
Clock_InitializeClockLEDs@digitBlue                                cstackBANK0  00038
Clock_InitializeClockLEDs@digitGreen                               cstackBANK0  00037
Clock_InitializeClockLEDs@digitRed                                 cstackBANK0  00036
Clock_InitializeClockLEDs@numElements                              cstackBANK0  00034
Clock_InitializeClockLEDs@returnVal                                cstackBANK0  0003E
Clock_IterateSinglePixelByIndex@idx                                bssBANK1     000C5
Clock_Popcorn_Pattern_Hold@numRenders                              bssBANK2     00145
Clock_SetBackgroundRGBArray@blue                                   cstackBANK0  00030
Clock_SetBackgroundRGBArray@green                                  cstackBANK0  0002F
Clock_SetBackgroundRGBArray@red                                    cstackBANK0  00032
Clock_SetDigitRGBArray@blue                                        cstackBANK0  00030
Clock_SetDigitRGBArray@green                                       cstackBANK0  0002F
Clock_SetDigitRGBArray@red                                         cstackBANK0  00032
Clock_WriteDigitPixelValuesToLocalPxlBuffers@digitCounter          cstackBANK0  00041
Clock_WriteDigitPixelValuesToLocalPxlBuffers@encodingCounter       cstackBANK0  00045
Clock_WriteDigitPixelValuesToLocalPxlBuffers@encodingSource        cstackBANK0  0003D
Clock_WriteDigitPixelValuesToLocalPxlBuffers@pixelBuffer           cstackBANK0  0003B
Clock_WriteDigitPixelValuesToLocalPxlBuffers@thisDigitStartAddress cstackBANK0  00043
Clock_WriteTimeDigitValuesAndRenderScreen@digits                   cstackBANK0  0005B
Clock_WriteTimeDigitValuesAndRenderScreen@lastDigit1               dataBANK0    00066
Clock_WriteTimeDigitValuesAndRenderScreen@lastDigit2               dataBANK1    000D2
Clock_WriteTimeDigitValuesAndRenderScreen@lastDigit3               dataBANK1    000D1
Clock_WriteTimeDigitValuesAndRenderScreen@lastDigit4               dataBANK1    000D0
DATAEE_ReadByte@bAdd                                               cstackBANK0  00029
DATAEE_WriteByte@GIEBitValue                                       cstackBANK0  0002C
DATAEE_WriteByte@bAdd                                              cstackBANK0  00029
DATAEE_WriteByte@bData                                             cstackBANK0  0002B
IOCCF3_SetInterruptHandler@InterruptHandler                        cstackBANK0  00029
IOCCF4_SetInterruptHandler@InterruptHandler                        cstackBANK0  00029
IOCCF5_SetInterruptHandler@InterruptHandler                        cstackBANK0  00029
RotaryEncoder_GetShaftCounts@thisCountValue                        cstackBANK0  0002D
RotaryEncoder_GetSwitchState@currentState                          cstackBANK0  0002A
RotaryEncoder_Init@rotEncPtr                                       cstackBANK0  0002C
RotaryEncoder_ReadButtonISR@currentTimestamp                       cstackBANK0  00027
RotaryEncoder_ReadButtonISR@positiveWidth_cts                      cstackBANK0  00025
STATE_ChangeColorMode@arrayRowIdx                                  cstackBANK3  001C2
STATE_ChangeColorMode@backgroundSelection                          cstackBANK3  001B9
STATE_ChangeColorMode@crc                                          cstackBANK3  001BC
STATE_ChangeColorMode@currentTime                                  cstackBANK3  001A0
STATE_ChangeColorMode@dColorTime                                   stringtext15 028AA
STATE_ChangeColorMode@digitSelection                               cstackBANK3  001B6
STATE_ChangeColorMode@eepromReadbackData                           cstackBANK3  001A4
STATE_ChangeColorMode@maxRetries                                   cstackBANK3  001B4
STATE_ChangeColorMode@rotCounts                                    cstackBANK3  001BE
STATE_PatternMode@patternIndex                                     bssBANK1     000BF
STATE_PatternMode@rotCounts                                        cstackBANK1  000A4
TMR1_SetInterruptHandler@InterruptHandler                          cstackBANK0  00029
TMR1_WriteTimer@timerVal                                           cstackCOMMON 00070
TMR3_ReadTimer@readVal                                             cstackBANK0  00030
TMR3_ReadTimer@readValHigh                                         cstackBANK0  00032
TMR3_ReadTimer@readValLow                                          cstackBANK0  00033
TMR5_SetInterruptHandler@InterruptHandler                          cstackBANK0  00029
TMR5_WriteTimer@timerVal                                           cstackCOMMON 00070
Time_RenderIfMinutesHaveChanged@F6453                              bssBANK2     00138
Time_RenderIfMinutesHaveChanged@currentTimeInMinutes               cstackBANK1  000AF
Time_RenderIfMinutesHaveChanged@hours                              cstackBANK1  000AD
Time_RenderIfMinutesHaveChanged@isSwitchPressHrMnMode              cstackBANK1  000A4
Time_RenderIfMinutesHaveChanged@minutes                            cstackBANK1  000AE
Time_RenderIfMinutesHaveChanged@minutesAtLastChange                dataBANK1    000CE
Time_RenderIfMinutesHaveChanged@minutesDelta                       cstackBANK1  000A9
Time_RenderIfMinutesHaveChanged@t                                  cstackBANK1  000B5
Time_RenderIfMinutesHaveChanged@thisTimeInSeconds                  cstackBANK1  000B1
Time_RenderInputTime@F6462                                         bssBANK2     00134
Time_RenderInputTime@currentTimeInMinutes                          cstackBANK1  000A8
Time_RenderInputTime@hours                                         cstackBANK1  000AA
Time_RenderInputTime@minutes                                       cstackBANK1  000AB
Time_RenderInputTime@setCurrentTime                                cstackBANK1  000A4
Time_RenderInputTime@t                                             cstackBANK1  000AC
Time_RenderInputTime@timeInSeconds                                 cstackBANK1  000A0
WS2812B_Render@i                                                   cstackBANK0  0002D
WS2812B_Render@j                                                   cstackBANK0  00031
WS2812B_Render@strip                                               cstackBANK0  00029
WS2812B_Render@thisPixel                                           cstackBANK0  0002F
WS2812b_CopyPixelBufferArrayFromSource@dest                        cstackBANK0  00049
WS2812b_CopyPixelBufferArrayFromSource@numPixelsToCopy             cstackBANK0  00041
WS2812b_CopyPixelBufferArrayFromSource@pixelSource                 cstackBANK0  0003D
WS2812b_CopyPixelBufferArrayFromSource@src                         cstackBANK0  0004B
WS2812b_CopyPixelBufferArrayFromSource@startAddress                cstackBANK0  0003F
WS2812b_CopyPixelBufferArrayFromSource@startPixel                  cstackBANK0  00047
WS2812b_CopyPixelBufferArrayFromSource@strip                       cstackBANK0  0003B
WS2812b_Initialize@array                                           cstackBANK0  00030
WS2812b_Initialize@numElements                                     cstackBANK0  0002B
WS2812b_Initialize@pxBuff                                          cstackBANK0  00029
WS2812b_Initialize@wasSetupSuccessful                              cstackBANK0  0002D
WS2812b_SetPixelBlockConstantColor@blue                            cstackBANK0  00043
WS2812b_SetPixelBlockConstantColor@finalPixelIndex                 cstackBANK0  00046
WS2812b_SetPixelBlockConstantColor@green                           cstackBANK0  00042
WS2812b_SetPixelBlockConstantColor@i                               cstackBANK0  0004D
WS2812b_SetPixelBlockConstantColor@numPixelsToSet                  cstackBANK0  0003F
WS2812b_SetPixelBlockConstantColor@pixelStartOffset                cstackBANK0  0003D
WS2812b_SetPixelBlockConstantColor@red                             cstackBANK0  00041
WS2812b_SetPixelBlockConstantColor@rgbArray                        cstackBANK0  0004A
WS2812b_SetPixelBlockConstantColor@startPixelAddress               cstackBANK0  00048
WS2812b_SetPixelBlockConstantColor@strip                           cstackBANK0  0003B
WS2812b_SetSinglePixelColor@blue                                   cstackBANK0  00048
WS2812b_SetSinglePixelColor@green                                  cstackBANK0  00047
WS2812b_SetSinglePixelColor@pixelIndex                             cstackBANK0  00044
WS2812b_SetSinglePixelColor@red                                    cstackBANK0  00046
WS2812b_SetSinglePixelColor@strip                                  cstackBANK0  00042
WS2812b_SetSinglePixelColor@thisPixel                              cstackBANK0  0004B
WS2812b_SetStripConstantColor@blue                                 cstackBANK0  00053
WS2812b_SetStripConstantColor@green                                cstackBANK0  00052
WS2812b_SetStripConstantColor@red                                  cstackBANK0  00051
WS2812b_SetStripConstantColor@strip                                cstackBANK0  0004F
_ANSELA                                                            (abs)        0018C
_ANSELC                                                            (abs)        0018E
_APP_Initialize                                                    text37       01E46
_APP_TASKS                                                         text9        01C9D
_CRC16_Calculate16bitCRC                                           text63       027B3
_CRCtbl                                                            stringtext1  01800
_Clock_CrossingRainbowPattern                                      text14       00C3E
_Clock_CrossingRainbowPattern$2393                                 cstackBANK0  00052
_Clock_CrossingRainbowPattern$2394                                 cstackBANK0  00053
_Clock_CrossingRainbowPattern$2395                                 cstackBANK0  00054
_Clock_CrossingRainbowPatternwithDelays                            text13       0007B
_Clock_CrossingRainbowPatternwithDelays$2396                       cstackBANK0  00052
_Clock_CrossingRainbowPatternwithDelays$2397                       cstackBANK0  00053
_Clock_CrossingRainbowPatternwithDelays$2398                       cstackBANK0  00054
_Clock_FixDigit4LastThreePixels                                    text34       01D87
_Clock_ForceRender                                                 text31       01121
_Clock_ForceRender$2392                                            cstackBANK1  000A0
_Clock_InitializeClockLEDs                                         text59       02634
_Clock_IterateSinglePixelByIndex                                   text15       02721
_Clock_Popcorn_Pattern                                             text12       01507
_Clock_Popcorn_Pattern_Hold                                        text16       0045D
_Clock_PrerenderPixelAndBackgroundValues                           text53       02602
_Clock_SetBackgroundRGBArray                                       text62       023F7
_Clock_SetDigitRGBArray                                            text61       0240B
_Clock_WriteDigitPixelValuesToLocalPxlBuffers                      text57       01A91
_Clock_WriteTimeDigitValuesAndRenderScreen                         text26       01242
_Clock_WriteTimeDigitValuesAndRenderScreen$2391                    cstackBANK0  00059
_DATAEE_ReadByte                                                   text52       023A1
_DATAEE_WriteByte                                                  text30       02513
_INLVLA                                                            (abs)        0038C
_INLVLC                                                            (abs)        0038E
_INTCONbits                                                        (abs)        0000B
_INTERRUPT_InterruptManager                                        intentry     00004
_IOCCF3_DefaultInterruptHandler                                    text81       01A00
_IOCCF3_ISR                                                        text84       02342
_IOCCF3_InterruptHandler                                           nvBANK2      00155
_IOCCF3_SetInterruptHandler                                        text48       022C6
_IOCCF4_DefaultInterruptHandler                                    text83       022A3
_IOCCF4_ISR                                                        text80       0234F
_IOCCF4_InterruptHandler                                           nvBANK2      00153
_IOCCF4_SetInterruptHandler                                        text47       022CF
_IOCCF5_DefaultInterruptHandler                                    text77       01A01
_IOCCF5_ISR                                                        text76       0235C
_IOCCF5_InterruptHandler                                           nvBANK2      00151
_IOCCF5_SetInterruptHandler                                        text46       022D8
_IOCCFbits                                                         (abs)        00399
_IOCCNbits                                                         (abs)        00398
_IOCCPbits                                                         (abs)        00397
_LATA                                                              (abs)        0010C
_LATC                                                              (abs)        0010E
_LATCbits                                                          (abs)        0010E
_NVMADRH                                                           (abs)        00892
_NVMADRL                                                           (abs)        00891
_NVMCON1bits                                                       (abs)        00895
_NVMCON2                                                           (abs)        00896
_NVMDATH                                                           (abs)        00894
_NVMDATL                                                           (abs)        00893
_ODCONA                                                            (abs)        0028C
_ODCONC                                                            (abs)        0028E
_OSCCON1                                                           (abs)        00919
_OSCCON3                                                           (abs)        0091B
_OSCEN                                                             (abs)        0091D
_OSCFRQ                                                            (abs)        0091F
_OSCILLATOR_Initialize                                             text8        022F3
_OSCTUNE                                                           (abs)        0091E
_PIE0bits                                                          (abs)        00090
_PIE1bits                                                          (abs)        00091
_PIE4bits                                                          (abs)        00094
_PIN_MANAGER_IOC                                                   text75       007EE
_PIN_MANAGER_Initialize                                            text7        0269C
_PIR0bits                                                          (abs)        00010
_PIR1bits                                                          (abs)        00011
_PIR3bits                                                          (abs)        00013
_PIR4bits                                                          (abs)        00014
_PMD0                                                              (abs)        00911
_PMD1                                                              (abs)        00912
_PMD2                                                              (abs)        00913
_PMD3                                                              (abs)        00914
_PMD4                                                              (abs)        00915
_PMD5                                                              (abs)        00916
_PMD_Initialize                                                    text6        022BE
_PORTCbits                                                         (abs)        0000E
_RotaryEncoder_Enable                                              text49       01A43
_RotaryEncoder_GetShaftCounts                                      text29       02535
_RotaryEncoder_GetSwitchState                                      text36       023B0
_RotaryEncoder_HasButtonPressOccurred                              text28       023D1
_RotaryEncoder_Init                                                text45       024F3
_RotaryEncoder_ReadButtonISR                                       text78       00762
_RotaryEncoder_ReadShaftISR                                        text82       01D00
_RotaryEncoder_ReadShaftISR$1369                                   cstackCOMMON 00072
_SLRCONA                                                           (abs)        0030C
_SLRCONC                                                           (abs)        0030E
_STATE_ChangeColorMode                                             text19       00884
_STATE_ChangeColorMode$989                                         cstackBANK3  001AC
_STATE_ChangeColorMode$990                                         cstackBANK3  001AE
_STATE_ChangeColorMode$993                                         cstackBANK3  001B0
_STATE_ChangeColorMode$994                                         cstackBANK3  001B2
_STATE_PatternMode                                                 text11       01C3E
_STATE_PatternMode$916                                             cstackBANK1  000A0
_SYSTEM_Initialize                                                 text1        0241F
_State_SetFunctionLookupTable                                      text44       02434
_T1CON                                                             (abs)        0001B
_T1CONbits                                                         (abs)        0001B
_T1GCON                                                            (abs)        0001C
_T1GCONbits                                                        (abs)        0001C
_T3CON                                                             (abs)        00413
_T3CONbits                                                         (abs)        00413
_T3GCON                                                            (abs)        00414
_T3GCONbits                                                        (abs)        00414
_T5CON                                                             (abs)        0041A
_T5CONbits                                                         (abs)        0041A
_T5GCON                                                            (abs)        0041B
_T5GCONbits                                                        (abs)        0041B
_TMR1H                                                             (abs)        0001A
_TMR1L                                                             (abs)        00019
_TMR1_CallBack                                                     text72       022FC
_TMR1_DefaultInterruptHandler                                      text73       01000
_TMR1_ISR                                                          text70       02369
_TMR1_Initialize                                                   text5        0244A
_TMR1_InterruptHandler                                             nvBANK2      0014F
_TMR1_SetInterruptHandler                                          text43       022E1
_TMR1_StartTimer                                                   text42       022A7
_TMR1_WriteTimer                                                   text71       02383
_TMR3H                                                             (abs)        00412
_TMR3L                                                             (abs)        00411
_TMR3_Initialize                                                   text4        023E4
_TMR3_ReadTimer                                                    text51       024D3
_TMR3_StartTimer                                                   text50       022A4
_TMR5H                                                             (abs)        00419
_TMR5L                                                             (abs)        00418
_TMR5_CallBack                                                     text67       02307
_TMR5_DefaultInterruptHandler                                      text68       00002
_TMR5_ISR                                                          text65       02376
_TMR5_Initialize                                                   text3        0249A
_TMR5_InterruptHandler                                             nvBANK2      0014B
_TMR5_SetInterruptHandler                                          text39       022EA
_TMR5_StartTimer                                                   text41       022AA
_TMR5_WriteTimer                                                   text66       02392
_TRISA                                                             (abs)        0008C
_TRISC                                                             (abs)        0008E
_Time_EnableTimeModule                                             text40       00800
_Time_GetCurrentTimeInSeconds                                      text27       023C0
_Time_IncrementSecondsISR                                          text69       01A02
_Time_InitializeTimeModule                                         text38       022B6
_Time_RenderIfMinutesHaveChanged                                   text10       01366
_Time_RenderIfMinutesHaveChanged$1035                              cstackBANK1  000A5
_Time_RenderInputTime                                              text20       01F14
_Timer1Interrupt                                                   text74       02312
_WDTCON                                                            (abs)        00097
_WDT_Initialize                                                    text2        022AD
_WPUA                                                              (abs)        0020C
_WPUC                                                              (abs)        0020E
_WS2812B_Render                                                    text33       01031
_WS2812b_CopyPixelBufferArrayFromSource                            text32       01BE1
_WS2812b_Initialize                                                text60       02557
_WS2812b_Initialize$1153                                           cstackBANK0  0002F
_WS2812b_SetPixelBlockConstantColor                                text55       00803
_WS2812b_SetSinglePixelColor                                       text35       01B86
_WS2812b_SetStripConstantColor                                     text54       025A9
__Habs1                                                            abs1         00000
__Hbank0                                                           bank0        00000
__Hbank1                                                           bank1        00000
__Hbank10                                                          bank10       00000
__Hbank11                                                          bank11       00000
__Hbank12                                                          bank12       00000
__Hbank13                                                          bank13       00000
__Hbank14                                                          bank14       00000
__Hbank15                                                          bank15       00000
__Hbank16                                                          bank16       00000
__Hbank17                                                          bank17       00000
__Hbank18                                                          bank18       00000
__Hbank19                                                          bank19       00000
__Hbank2                                                           bank2        00000
__Hbank20                                                          bank20       00000
__Hbank21                                                          bank21       00000
__Hbank22                                                          bank22       00000
__Hbank23                                                          bank23       00000
__Hbank24                                                          bank24       00000
__Hbank25                                                          bank25       00000
__Hbank26                                                          bank26       00000
__Hbank27                                                          bank27       00000
__Hbank28                                                          bank28       00000
__Hbank29                                                          bank29       00000
__Hbank3                                                           bank3        00000
__Hbank30                                                          bank30       00000
__Hbank31                                                          bank31       00000
__Hbank4                                                           bank4        00000
__Hbank5                                                           bank5        00000
__Hbank6                                                           bank6        00000
__Hbank7                                                           bank7        00000
__Hbank8                                                           bank8        00000
__Hbank9                                                           bank9        00000
__Hbigram                                                          bigram       00000
__HbssBANK0                                                        bssBANK0     00000
__HbssBANK1                                                        bssBANK1     00000
__HbssBANK2                                                        bssBANK2     00000
__HbssCOMMON                                                       bssCOMMON    00000
__Hcinit                                                           cinit        0007B
__Hclrtext                                                         clrtext      00000
__Hcode                                                            code         00000
__Hcommon                                                          common       00000
__Hconfig                                                          config       0800B
__HcstackBANK0                                                     cstackBANK0  00000
__HcstackBANK1                                                     cstackBANK1  00000
__HcstackBANK3                                                     cstackBANK3  00000
__HcstackCOMMON                                                    cstackCOMMON 00000
__HdataBANK0                                                       dataBANK0    00000
__HdataBANK1                                                       dataBANK1    00000
__HdataBANK3                                                       dataBANK3    00000
__Heeprom_data                                                     eeprom_data  00000
__Hend_init                                                        end_init     0002B
__Hfunctab                                                         functab      00000
__Hheap                                                            heap         00000
__HidataBANK0                                                      idataBANK0   00000
__HidataBANK1                                                      idataBANK1   00000
__HidataBANK3                                                      idataBANK3   00000
__Hidloc                                                           idloc        08004
__Hinit                                                            init         00029
__Hinittext                                                        inittext     00000
__Hintentry                                                        intentry     00026
__Hmaintext                                                        maintext     00000
__HnvBANK1                                                         nvBANK1      00000
__HnvBANK2                                                         nvBANK2      00000
__Hpowerup                                                         powerup      00000
__Hram                                                             ram          00000
__Hreset_vec                                                       reset_vec    00002
__Hsfr0                                                            sfr0         00000
__Hsfr1                                                            sfr1         00000
__Hsfr10                                                           sfr10        00000
__Hsfr11                                                           sfr11        00000
__Hsfr12                                                           sfr12        00000
__Hsfr13                                                           sfr13        00000
__Hsfr14                                                           sfr14        00000
__Hsfr15                                                           sfr15        00000
__Hsfr16                                                           sfr16        00000
__Hsfr17                                                           sfr17        00000
__Hsfr18                                                           sfr18        00000
__Hsfr19                                                           sfr19        00000
__Hsfr2                                                            sfr2         00000
__Hsfr20                                                           sfr20        00000
__Hsfr21                                                           sfr21        00000
__Hsfr22                                                           sfr22        00000
__Hsfr23                                                           sfr23        00000
__Hsfr24                                                           sfr24        00000
__Hsfr25                                                           sfr25        00000
__Hsfr26                                                           sfr26        00000
__Hsfr27                                                           sfr27        00000
__Hsfr28                                                           sfr28        00000
__Hsfr29                                                           sfr29        00000
__Hsfr3                                                            sfr3         00000
__Hsfr30                                                           sfr30        00000
__Hsfr31                                                           sfr31        00000
__Hsfr4                                                            sfr4         00000
__Hsfr5                                                            sfr5         00000
__Hsfr6                                                            sfr6         00000
__Hsfr7                                                            sfr7         00000
__Hsfr8                                                            sfr8         00000
__Hsfr9                                                            sfr9         00000
__Hspace_0                                                         (abs)        028B6
__Hspace_1                                                         (abs)        001DD
__Hspace_2                                                         (abs)        00000
__Hspace_3                                                         (abs)        00000
__Hspace_4                                                         (abs)        10012
__Hstack                                                           stack        00000
__Hstrings                                                         strings      00000
__Hstringtext1                                                     stringtext1  00000
__Hstringtext10                                                    stringtext10 00000
__Hstringtext11                                                    stringtext11 00000
__Hstringtext12                                                    stringtext12 00000
__Hstringtext13                                                    stringtext13 00000
__Hstringtext14                                                    stringtext14 00000
__Hstringtext15                                                    stringtext15 00000
__Hstringtext2                                                     stringtext2  00000
__Hstringtext3                                                     stringtext3  00000
__Hstringtext4                                                     stringtext4  00000
__Hstringtext5                                                     stringtext5  00000
__Hstringtext6                                                     stringtext6  00000
__Hstringtext7                                                     stringtext7  00000
__Hstringtext8                                                     stringtext8  00000
__Hstringtext9                                                     stringtext9  00000
__Htext                                                            text         00000
__Labs1                                                            abs1         00000
__Lbank0                                                           bank0        00000
__Lbank1                                                           bank1        00000
__Lbank10                                                          bank10       00000
__Lbank11                                                          bank11       00000
__Lbank12                                                          bank12       00000
__Lbank13                                                          bank13       00000
__Lbank14                                                          bank14       00000
__Lbank15                                                          bank15       00000
__Lbank16                                                          bank16       00000
__Lbank17                                                          bank17       00000
__Lbank18                                                          bank18       00000
[...]
__pstringtext7                                                     stringtext7  02892
__pstringtext8                                                     stringtext8  0289E
__pstringtext9                                                     stringtext9  028AE
__ptext1                                                           text1        0241F
__ptext10                                                          text10       01366
__ptext11                                                          text11       01C3E
__ptext12                                                          text12       01507
__ptext13                                                          text13       0007B
__ptext14                                                          text14       00C3E
__ptext15                                                          text15       02721
__ptext16                                                          text16       0045D
__ptext17                                                          text17       02769
__ptext18                                                          text18       01001
__ptext19                                                          text19       00884
__ptext2                                                           text2        022AD
__ptext20                                                          text20       01F14
__ptext21                                                          text21       025D5
__ptext22                                                          text22       02667
__ptext23                                                          text23       01B33
__ptext24                                                          text24       026DB
__ptext25                                                          text25       01AE1
__ptext26                                                          text26       01242
__ptext27                                                          text27       023C0
__ptext28                                                          text28       023D1
__ptext29                                                          text29       02535
__ptext3                                                           text3        0249A
__ptext30                                                          text30       02513
__ptext31                                                          text31       01121
__ptext32                                                          text32       01BE1
__ptext33                                                          text33       01031
__ptext34                                                          text34       01D87
__ptext35                                                          text35       01B86
__ptext36                                                          text36       023B0
__ptext37                                                          text37       01E46
__ptext38                                                          text38       022B6
__ptext39                                                          text39       022EA
__ptext4                                                           text4        023E4
__ptext40                                                          text40       00800
__ptext41                                                          text41       022AA
__ptext42                                                          text42       022A7
__ptext43                                                          text43       022E1
__ptext44                                                          text44       02434
__ptext45                                                          text45       024F3
__ptext46                                                          text46       022D8
__ptext47                                                          text47       022CF
__ptext48                                                          text48       022C6
__ptext49                                                          text49       01A43
__ptext5                                                           text5        0244A
__ptext50                                                          text50       022A4
__ptext51                                                          text51       024D3
__ptext52                                                          text52       023A1
__ptext53                                                          text53       02602
__ptext54                                                          text54       025A9
__ptext55                                                          text55       00803
__ptext56                                                          text56       0247E
__ptext57                                                          text57       01A91
__ptext58                                                          text58       02580
__ptext59                                                          text59       02634
__ptext6                                                           text6        022BE
__ptext60                                                          text60       02557
__ptext61                                                          text61       0240B
__ptext62                                                          text62       023F7
__ptext63                                                          text63       027B3
__ptext65                                                          text65       02376
__ptext66                                                          text66       02392
__ptext67                                                          text67       02307
__ptext68                                                          text68       00002
__ptext69                                                          text69       01A02
__ptext7                                                           text7        0269C
__ptext70                                                          text70       02369
__ptext71                                                          text71       02383
__ptext72                                                          text72       022FC
__ptext73                                                          text73       01000
__ptext74                                                          text74       02312
__ptext75                                                          text75       007EE
__ptext76                                                          text76       0235C
__ptext77                                                          text77       01A01
__ptext78                                                          text78       00762
__ptext79                                                          text79       024B6
__ptext8                                                           text8        022F3
__ptext80                                                          text80       0234F
__ptext81                                                          text81       01A00
__ptext82                                                          text82       01D00
__ptext83                                                          text83       022A3
__ptext84                                                          text84       02342
__ptext9                                                           text9        01C9D
_app                                                               bssBANK2     00120
_colorRGBArrays                                                    stringtext2  02800
_currentBACKGROUNDrgbArray                                         bssBANK1     000C8
_currentDIGITrgbArray                                              bssBANK1     000CB
_currentTimeInSeconds                                              bssBANK1     000BB
_downDigitEncodings                                                stringtext13 02830
_downEncodedDigitsPixelValues                                      (abs)        023E8
_isRotaryEncoderEnabled                                            bssCOMMON    0007D
_ledArray                                                          bssBANK0     00062
_main                                                              maintext     0231E
_memcpy                                                            text58       02580
_patterns                                                          bssBANK2     0012A
_rainbowRGBValues                                                  stringtext3  02858
_rand                                                              text17       02769
_renderBuffer                                                      (abs)        02730
_rot                                                               bssBANK0     00061
_rot@app$F1486                                                     dataBANK3    001C3
_row1                                                              stringtext8  0289E
_row2                                                              stringtext6  02885
_row3                                                              stringtext4  0286A
_row4                                                              stringtext5  02878
_row5                                                              stringtext7  02892
_seed                                                              bssBANK2     00147
_timer1ReloadVal                                                   nvBANK1      000D5
_timer3ReloadVal                                                   nvBANK2      0014D
_timer5ReloadVal                                                   nvBANK1      000D3
_upDigitEncodings                                                  stringtext14 02844
_upEncodedDigitsPixelValues                                        (abs)        0258C
btemp                                                              (abs)        0007E
clear_ram0                                                         clrtext      0232A
end_of_initialization                                              cinit        00077
i1TMR3_ReadTimer@readVal                                           cstackCOMMON 00077
i1TMR3_ReadTimer@readValHigh                                       cstackCOMMON 00079
i1TMR3_ReadTimer@readValLow                                        cstackCOMMON 0007A
i1_TMR3_ReadTimer                                                  text79       024B6
init_ram                                                           inittext     02336
int$flags                                                          (abs)        0007E
intlevel0                                                          functab      00000
intlevel1                                                          functab      00000
intlevel2                                                          functab      00000
intlevel3                                                          functab      00000
intlevel4                                                          functab      00000
intlevel5                                                          functab      00000
memcpy@d                                                           cstackBANK0  00037
memcpy@d1                                                          cstackBANK0  0002F
memcpy@n                                                           cstackBANK0  00033
memcpy@s                                                           cstackBANK0  00039
memcpy@s1                                                          cstackBANK0  00031
memcpy@tmp                                                         cstackBANK0  00036
reset_vec                                                          reset_vec    00000
start                                                              init         00026
start_initialization                                               cinit        0002B
wtemp0                                                             (abs)        0007E


MODULE INFORMATION

Module		Function		Class		Link	Load	Size
patternMode.c
		_STATE_PatternMode		CODE           	1C3E	0000	95
		_State_SetFunctionLookupTable		CODE           	2434	0000	22

patternMode.c estimated size: 117

C:\Program Files\Microchip\xc8\v2.36\pic\sources\c99\common\rand.c
		_rand          		CODE           	2769	0000	74

C:\Program Files\Microchip\xc8\v2.36\pic\sources\c99\common\rand.c estimated size: 74

C:\Program Files\Microchip\xc8\v2.36\pic\sources\c99\common\lwmod.c
		___lwmod       		CODE           	25D5	0000	45

C:\Program Files\Microchip\xc8\v2.36\pic\sources\c99\common\lwmod.c estimated size: 45

mcc_generated_files/interrupt_manager.c
		_INTERRUPT_InterruptManager		CODE           	0004	0000	34

mcc_generated_files/interrupt_manager.c estimated size: 34

changeColorMode.c
		_STATE_ChangeColorMode		CODE           	0884	0000	954

changeColorMode.c estimated size: 954

CRC16bit.c
		_CRC16_Calculate16bitCRC		CODE           	27B3	0000	77

CRC16bit.c estimated size: 77

C:\Program Files\Microchip\xc8\v2.36\pic\sources\c99\common\Umul32.c
		___lmul        		CODE           	1001	0000	48

C:\Program Files\Microchip\xc8\v2.36\pic\sources\c99\common\Umul32.c estimated size: 48

C:\Program Files\Microchip\xc8\v2.36\pic\sources\c99\common\awmod.c
		___awmod       		CODE           	26DB	0000	70

C:\Program Files\Microchip\xc8\v2.36\pic\sources\c99\common\awmod.c estimated size: 70

ws2812b.c
		_WS2812B_Render		CODE           	1031	0000	240
		_WS2812b_CopyPixelBufferArrayFromSource		CODE           	1BE1	0000	93
		_WS2812b_SetSinglePixelColor		CODE           	1B86	0000	91
		_WS2812b_Initialize		CODE           	2557	0000	41
		_WS2812b_SetPixelBlockConstantColor		CODE           	0803	0000	129
		_WS2812b_SetStripConstantColor		CODE           	25A9	0000	44

ws2812b.c estimated size: 638

mcc_generated_files/pin_manager.c
		_PIN_MANAGER_Initialize		CODE           	269C	0000	63
		_IOCCF3_DefaultInterruptHandler		CODE           	1A00	0000	1
		_IOCCF3_ISR    		CODE           	2342	0000	13
		_IOCCF5_SetInterruptHandler		CODE           	22D8	0000	9
		_IOCCF4_DefaultInterruptHandler		CODE           	22A3	0000	1
		_IOCCF4_ISR    		CODE           	234F	0000	13
		_IOCCF3_SetInterruptHandler		CODE           	22C6	0000	9
		_PIN_MANAGER_IOC		CODE           	07EE	0000	18
		_IOCCF5_DefaultInterruptHandler		CODE           	1A01	0000	1
		_IOCCF5_ISR    		CODE           	235C	0000	13
		_IOCCF4_SetInterruptHandler		CODE           	22CF	0000	9

mcc_generated_files/pin_manager.c estimated size: 150

C:\Program Files\Microchip\xc8\v2.36\pic\sources\c99\common\__lldiv.c
		___lldiv       		CODE           	1B33	0000	83

C:\Program Files\Microchip\xc8\v2.36\pic\sources\c99\common\__lldiv.c estimated size: 83

clockLEDs.c
		_Clock_FixDigit4LastThreePixels		CODE           	1D87	0000	191
		_Clock_InitializeClockLEDs		CODE           	2634	0000	51
		_Clock_PrerenderPixelAndBackgroundValues		CODE           	2602	0000	50
		_Clock_Popcorn_Pattern		CODE           	1507	0000	761
		_Clock_SetBackgroundRGBArray		CODE           	23F7	0000	20
		_Clock_WriteDigitPixelValuesToLocalPxlBuffers		CODE           	1A91	0000	80
		_Clock_Popcorn_Pattern_Hold		CODE           	045D	0000	773
		_Clock_SetDigitRGBArray		CODE           	240B	0000	20
		_Clock_CrossingRainbowPattern		CODE           	0C3E	0000	962
		_Clock_WriteTimeDigitValuesAndRenderScreen		CODE           	1242	0000	292
		_Clock_IterateSinglePixelByIndex		CODE           	2721	0000	72
		_Clock_ForceRender		CODE           	1121	0000	289
		_Clock_CrossingRainbowPatternwithDelays		CODE           	007B	0000	994

clockLEDs.c estimated size: 4555

timeCalculation.c
		_Time_GetCurrentTimeInSeconds		CODE           	23C0	0000	17
		_Time_InitializeTimeModule		CODE           	22B6	0000	8
		_Time_RenderIfMinutesHaveChanged		CODE           	1366	0000	417
		_Time_EnableTimeModule		CODE           	0800	0000	3
		_Time_RenderInputTime		CODE           	1F14	0000	236
		_Time_IncrementSecondsISR		CODE           	1A02	0000	65

timeCalculation.c estimated size: 746

C:\Program Files\Microchip\xc8\v2.36\pic\sources\c99\common\lwdiv.c
		___lwdiv       		CODE           	2667	0000	53

C:\Program Files\Microchip\xc8\v2.36\pic\sources\c99\common\lwdiv.c estimated size: 53

C:\Program Files\Microchip\xc8\v2.36\pic\sources\c99\common\awdiv.c
		___awdiv       		CODE           	1AE1	0000	82

C:\Program Files\Microchip\xc8\v2.36\pic\sources\c99\common\awdiv.c estimated size: 82

mcc_generated_files/tmr5.c
		_TMR5_ISR      		CODE           	2376	0000	13
		_TMR5_Initialize		CODE           	249A	0000	28
		_TMR5_SetInterruptHandler		CODE           	22EA	0000	9
		_TMR5_DefaultInterruptHandler		CODE           	0002	0000	1
		_TMR5_CallBack 		CODE           	2307	0000	11
		_TMR5_WriteTimer		CODE           	2392	0000	15
		_TMR5_StartTimer		CODE           	22AA	0000	3

mcc_generated_files/tmr5.c estimated size: 80

shared
		_row1          		STRCODE        	289E	0000	12
		i1_TMR3_ReadTimer		CODE           	24B6	0000	29
		_row2          		STRCODE        	2885	0000	13
		_row3          		STRCODE        	286A	0000	14
		STATE_ChangeColorMode@dColorTime		STRCODE        	28AA	0000	4
		_digit2StartPixel		STRCODE        	0000	0000	0
		_row4          		STRCODE        	2878	0000	13
		_row5          		STRCODE        	2892	0000	12
		_CRCtbl        		STRCODE        	1800	0000	512
		_rainbowRGBValues		STRCODE        	2858	0000	18
		__initialization		CODE           	002B	0000	76
		_upDigitEncodings		STRCODE        	2844	0000	20
		_downDigitEncodings		STRCODE        	2830	0000	20
		_digit3StartPixel		STRCODE        	0000	0000	0
		_colorRGBArrays		STRCODE        	2800	0000	48
		_digit1StartPixel		STRCODE        	0000	0000	0
		_digit4StartPixel		STRCODE        	0000	0000	0

shared estimated size: 791

mcc_generated_files/mcc.c
		_WDT_Initialize		CODE           	22AD	0000	4
		_PMD_Initialize		CODE           	22BE	0000	8
		_OSCILLATOR_Initialize		CODE           	22F3	0000	9
		_SYSTEM_Initialize		CODE           	241F	0000	21

mcc_generated_files/mcc.c estimated size: 42

app.c
		_APP_TASKS     		CODE           	1C9D	0000	99
		_APP_Initialize		CODE           	1E46	0000	206
		_Timer1Interrupt		CODE           	2312	0000	12

app.c estimated size: 317

mcc_generated_files/tmr3.c
		_TMR3_Initialize		CODE           	23E4	0000	19
		_TMR3_StartTimer		CODE           	22A4	0000	3
		_TMR3_ReadTimer		CODE           	24D3	0000	32

mcc_generated_files/tmr3.c estimated size: 54

rotaryEncoder.c
		_RotaryEncoder_Init		CODE           	24F3	0000	32
		_RotaryEncoder_GetSwitchState		CODE           	23B0	0000	16
		_RotaryEncoder_HasButtonPressOccurred		CODE           	23D1	0000	19
		_RotaryEncoder_ReadShaftISR		CODE           	1D00	0000	135
		_RotaryEncoder_ReadButtonISR		CODE           	0762	0000	140
		_RotaryEncoder_GetShaftCounts		CODE           	2535	0000	34
		_RotaryEncoder_Enable		CODE           	1A43	0000	78

rotaryEncoder.c estimated size: 454

mcc_generated_files/tmr1.c
		_TMR1_Initialize		CODE           	244A	0000	26
		_TMR1_SetInterruptHandler		CODE           	22E1	0000	9
		_TMR1_DefaultInterruptHandler		CODE           	1000	0000	1
		_TMR1_CallBack 		CODE           	22FC	0000	11
		_TMR1_WriteTimer		CODE           	2383	0000	15
		_TMR1_StartTimer		CODE           	22A7	0000	3
		_TMR1_ISR      		CODE           	2369	0000	13

mcc_generated_files/tmr1.c estimated size: 78

mcc_generated_files/memory.c
		_DATAEE_WriteByte		CODE           	2513	0000	34
		_DATAEE_ReadByte		CODE           	23A1	0000	15

mcc_generated_files/memory.c estimated size: 49

C:\Program Files\Microchip\xc8\v2.36\pic\sources\c99\common\memcpy.c
		_memcpy        		CODE           	2580	0000	41

C:\Program Files\Microchip\xc8\v2.36\pic\sources\c99\common\memcpy.c estimated size: 41

main.c
		_main          		CODE           	231E	0000	12

main.c estimated size: 12

C:\Program Files\Microchip\xc8\v2.36\pic\sources\c99\common\Umul16.c
		___wmul        		CODE           	247E	0000	28

C:\Program Files\Microchip\xc8\v2.36\pic\sources\c99\common\Umul16.c estimated size: 28

